// Jest Snapshot v1, https://goo.gl/fbAQLP

exports[` 1`] = `
> 1 | extend type OtherUser { name: String }
    |             ^^^^^^^^^ Cannot extend type "OtherUser" because it is not defined.
`;
